// Vitest Snapshot v1, https://vitest.dev/guide/snapshot.html

exports[`MaterialLegend.vue (Component Testing) > Snapshot > [Snapshot] render konsisten 1`] = `"<div class="flex flex-wrap gap-4 text-[11px] text-text-secondary"><span class="flex items-center gap-2"><span class="w-3 h-3 rounded shrink-0 bg-success/30 border border-success"></span> Stock is healthy (stock &gt; minimum)</span><span class="flex items-center gap-2"><span class="w-3 h-3 rounded shrink-0 bg-warning/30 border border-warning"></span> Low stock (stock ≤ minimum)</span><span class="flex items-center gap-2"><span class="w-3 h-3 rounded shrink-0 bg-error/30 border border-error"></span> Out of stock (0)</span><span class="flex items-center gap-2"><span class="w-3 h-3 rounded shrink-0 bg-disabled/30 border border-disabled"></span> Inactive material</span></div>"`;
